src/controllers/consent.controller.ts(23,13): error TS2769: No overload matches this call.
  The last overload gave the following error.
    Type 'string' is not assignable to type '{ readonly schemaName?: "ObjectId" | undefined; auto?: ((turnOn: boolean) => ObjectId) | undefined; $conditionalHandlers?: { [x: string]: ((val: any, context: any) => any) | undefined; } | undefined; ... 23 more ...; validateAll?: ((validators: (RegExp | ... 1 more ... | ValidatorFunction<...>)[]) => ObjectId) | und...'.
src/controllers/consent.controller.ts(31,13): error TS2769: No overload matches this call.
  The last overload gave the following error.
    Type 'string' is not assignable to type '{ readonly schemaName?: "ObjectId" | undefined; auto?: ((turnOn: boolean) => ObjectId) | undefined; $conditionalHandlers?: { [x: string]: ((val: any, context: any) => any) | undefined; } | undefined; ... 23 more ...; validateAll?: ((validators: (RegExp | ... 1 more ... | ValidatorFunction<...>)[]) => ObjectId) | und...'.
src/controllers/consent.controller.ts(62,13): error TS2769: No overload matches this call.
  The last overload gave the following error.
    Type 'string' is not assignable to type '{ readonly schemaName?: "ObjectId" | undefined; auto?: ((turnOn: boolean) => ObjectId) | undefined; $conditionalHandlers?: { [x: string]: ((val: any, context: any) => any) | undefined; } | undefined; ... 23 more ...; validateAll?: ((validators: (RegExp | ... 1 more ... | ValidatorFunction<...>)[]) => ObjectId) | und...'.
src/controllers/consent.controller.ts(89,45): error TS2769: No overload matches this call.
  Overload 1 of 4, '(filter?: _QueryFilter<{ _id: ObjectId; $assertPopulated: <Paths = {}>(path: string | string[], values?: Partial<Paths> | undefined) => Omit<IConsent, keyof Paths> & Paths; ... 275 more ...; "doctorId.validateAll": (validators: (RegExp | ... 1 more ... | ValidatorFunction<...>)[]) => ObjectId; }> | undefined, projection?: ProjectionType<...> | ... 1 more ... | undefined, options?: (QueryOptions<...> & Abortable) | undefined): Query<...>', gave the following error.
    Type 'ObjectId' is not assignable to type 'Condition<ApplyBasicQueryCasting<ObjectId>> | undefined'.
      Type 'ObjectId' is not assignable to type 'FilterOperators<ObjectId | ObjectId[] | null>'.
        Types of property 'id' are incompatible.
          Type 'Uint8Array<ArrayBufferLike>' is not assignable to type 'undefined'.
  Overload 2 of 4, '(filter?: Query<any, any, {}, unknown, "find", Record<string, never>> | undefined, projection?: ProjectionType<IConsent> | null | undefined, options?: (QueryOptions<...> & Abortable) | undefined): Query<...>', gave the following error.
    Object literal may only specify known properties, and 'patientId' does not exist in type 'Query<any, any, {}, unknown, "find", Record<string, never>>'.
src/controllers/consent.controller.ts(92,45): error TS2769: No overload matches this call.
  Overload 1 of 4, '(filter?: _QueryFilter<{ _id: ObjectId; $assertPopulated: <Paths = {}>(path: string | string[], values?: Partial<Paths> | undefined) => Omit<IConsent, keyof Paths> & Paths; ... 275 more ...; "doctorId.validateAll": (validators: (RegExp | ... 1 more ... | ValidatorFunction<...>)[]) => ObjectId; }> | undefined, projection?: ProjectionType<...> | ... 1 more ... | undefined, options?: (QueryOptions<...> & Abortable) | undefined): Query<...>', gave the following error.
    Type 'ObjectId' is not assignable to type 'Condition<ApplyBasicQueryCasting<ObjectId>> | undefined'.
      Type 'ObjectId' is not assignable to type 'FilterOperators<ObjectId | ObjectId[] | null>'.
        Types of property 'id' are incompatible.
          Type 'Uint8Array<ArrayBufferLike>' is not assignable to type 'undefined'.
  Overload 2 of 4, '(filter?: Query<any, any, {}, unknown, "find", Record<string, never>> | undefined, projection?: ProjectionType<IConsent> | null | undefined, options?: (QueryOptions<...> & Abortable) | undefined): Query<...>', gave the following error.
    Object literal may only specify known properties, and 'doctorId' does not exist in type 'Query<any, any, {}, unknown, "find", Record<string, never>>'.
src/controllers/emergency.controller.ts(53,19): error TS2769: No overload matches this call.
  The last overload gave the following error.
    Object literal may only specify known properties, and 'patientId' does not exist in type 'Query<any, any, {}, unknown, "find", Record<string, never>>'.
src/controllers/record.controller.ts(67,13): error TS2769: No overload matches this call.
  The last overload gave the following error.
    Type 'string' is not assignable to type '{ readonly schemaName?: "ObjectId" | undefined; auto?: ((turnOn: boolean) => ObjectId) | undefined; $conditionalHandlers?: { [x: string]: ((val: any, context: any) => any) | undefined; } | undefined; ... 23 more ...; validateAll?: ((validators: (RegExp | ... 1 more ... | ValidatorFunction<...>)[]) => ObjectId) | und...'.
src/controllers/record.controller.ts(101,17): error TS2769: No overload matches this call.
  Overload 2 of 4, '(filter?: Query<any, any, {}, unknown, "find", Record<string, never>> | undefined, projection?: ProjectionType<IConsent> | null | undefined, options?: (QueryOptions<...> & Abortable) | ... 1 more ... | undefined): Query<...>', gave the following error.
    Object literal may only specify known properties, and 'doctorId' does not exist in type 'Query<any, any, {}, unknown, "find", Record<string, never>>'.
src/controllers/record.controller.ts(117,17): error TS2769: No overload matches this call.
  The last overload gave the following error.
    Type 'string' is not assignable to type '{ readonly schemaName?: "ObjectId" | undefined; auto?: ((turnOn: boolean) => ObjectId) | undefined; $conditionalHandlers?: { [x: string]: ((val: any, context: any) => any) | undefined; } | undefined; ... 23 more ...; validateAll?: ((validators: (RegExp | ... 1 more ... | ValidatorFunction<...>)[]) => ObjectId) | und...'.
